Microsoft (R) Macro Assembler Version 14.11.25547.0	    11/11/17 00:37:32
skel.asm						     Page 1 - 1


				; AddTwo.asm - adds two 32-bit integers.
				; Chapter 3 example

				.386
				.model flat, C

				; ExitProcess proto,dwExitCode:dword
 00000000			.data

 00000000			.code
 00000000			_TEXT SEGMENT
 00000000			_addtwo proc
 00000000  B8 00000005			mov	eax,5				
 00000005  83 C0 06			add	eax,6				
 00000008			_addtwo endp
 00000008			_TEXT ENDS
				end
Microsoft (R) Macro Assembler Version 14.11.25547.0	    11/11/17 00:37:32
skel.asm						     Symbols 2 - 1




Segments and Groups:

                N a m e                 Size     Length   Align   Combine Class

FLAT . . . . . . . . . . . . . .	GROUP
_DATA  . . . . . . . . . . . . .	32 Bit	 00000000 DWord	  Public  'DATA'	
_TEXT  . . . . . . . . . . . . .	32 Bit	 00000008 DWord	  Public  'CODE'	


Procedures, parameters, and locals:

                N a m e                 Type     Value    Attr

_addtwo  . . . . . . . . . . . .	P Near	 00000000 _TEXT	Length= 00000008 Public C


Symbols:

                N a m e                 Type     Value    Attr

@CodeSize  . . . . . . . . . . .	Number	 00000000h   
@DataSize  . . . . . . . . . . .	Number	 00000000h   
@Interface . . . . . . . . . . .	Number	 00000001h   
@Model . . . . . . . . . . . . .	Number	 00000007h   
@code  . . . . . . . . . . . . .	Text   	 _TEXT
@data  . . . . . . . . . . . . .	Text   	 FLAT
@fardata?  . . . . . . . . . . .	Text   	 FLAT
@fardata . . . . . . . . . . . .	Text   	 FLAT
@stack . . . . . . . . . . . . .	Text   	 FLAT

	   0 Warnings
	   0 Errors
